// Jest Snapshot v1, https://goo.gl/fbAQLP

exports[`<App /> renders correctly 1`] = `
<View
  onLayout={[Function]}
  style={
    Object {
      "flex": 1,
    }
  }
>
  <View
    collapsable={false}
    onGestureHandlerEvent={[Function]}
    onGestureHandlerStateChange={[Function]}
    style={
      Object {
        "backgroundColor": "#eee",
        "flex": 1,
        "flexDirection": "column-reverse",
        "overflow": "hidden",
      }
    }
  >
    <View
      style={
        Object {
          "flex": 1,
        }
      }
    >
      <View
        pointerEvents="auto"
        style={
          Object {
            "bottom": 0,
            "left": 0,
            "opacity": 1,
            "paddingTop": 64,
            "position": "absolute",
            "right": 0,
            "top": 0,
            "transform": Array [
              Object {
                "translateX": 0,
              },
              Object {
                "translateY": 0,
              },
            ],
          }
        }
      >
        <View
          accessibilityElementsHidden={false}
          style={
            Object {
              "backgroundColor": "#fff",
              "flex": 1,
            }
          }
        >
          <View
            style={
              Object {
                "alignItems": "center",
                "backgroundColor": "#ffffff",
                "flex": 1,
                "justifyContent": "center",
              }
            }
          >
            <View
              onLayout={[Function]}
              style={
                Array [
                  Object {
                    "alignItems": "center",
                    "backgroundColor": "#ffffff",
                    "flex": 1,
                    "justifyContent": "center",
                  },
                  Object {
                    "paddingBottom": 0,
                  },
                ]
              }
            >
              <Image
                source={
                  Object {
                    "uri": "https://i.imgur.com/D03aDTg.png",
                  }
                }
                style={
                  Object {
                    "height": 100,
                    "resizeMode": "contain",
                    "width": 300,
                  }
                }
              />
              <Text
                style={
                  Object {
                    "fontSize": 30,
                    "fontWeight": "bold",
                    "padding": 5,
                    "textAlign": "center",
                  }
                }
              >
                Nearby Event and Weather Information
              </Text>
              <TextInput
                allowFontScaling={true}
                onChangeText={[Function]}
                placeholder="Email"
                rejectResponderTermination={true}
                style={
                  Object {
                    "borderColor": "black",
                    "borderWidth": 1,
                    "height": 44,
                    "marginBottom": 10,
                    "padding": 10,
                    "width": 200,
                  }
                }
                underlineColorAndroid="transparent"
                value=""
              />
              <TextInput
                allowFontScaling={true}
                onChangeText={[Function]}
                placeholder="Password"
                rejectResponderTermination={true}
                secureTextEntry={true}
                style={
                  Object {
                    "borderColor": "black",
                    "borderWidth": 1,
                    "height": 44,
                    "marginBottom": 10,
                    "padding": 10,
                    "width": 200,
                  }
                }
                underlineColorAndroid="transparent"
                value=""
              />
              <View
                style={
                  Object {
                    "padding": 5,
                  }
                }
              >
                <View
                  accessibilityRole="button"
                  accessibilityStates={Array []}
                  accessible={true}
                  isTVSelectable={true}
                  onResponderGrant={[Function]}
                  onResponderMove={[Function]}
                  onResponderRelease={[Function]}
                  onResponderTerminate={[Function]}
                  onResponderTerminationRequest={[Function]}
                  onStartShouldSetResponder={[Function]}
                  style={
                    Object {
                      "opacity": 1,
                    }
                  }
                >
                  <View
                    style={
                      Array [
                        Object {},
                      ]
                    }
                  >
                    <Text
                      style={
                        Array [
                          Object {
                            "color": "#007AFF",
                            "fontSize": 18,
                            "padding": 8,
                            "textAlign": "center",
                          },
                        ]
                      }
                    >
                      Login
                    </Text>
                  </View>
                </View>
              </View>
              <View
                style={
                  Object {
                    "padding": 5,
                  }
                }
              >
                <View
                  accessibilityRole="button"
                  accessibilityStates={Array []}
                  accessible={true}
                  isTVSelectable={true}
                  onResponderGrant={[Function]}
                  onResponderMove={[Function]}
                  onResponderRelease={[Function]}
                  onResponderTerminate={[Function]}
                  onResponderTerminationRequest={[Function]}
                  onStartShouldSetResponder={[Function]}
                  style={
                    Object {
                      "opacity": 1,
                    }
                  }
                >
                  <View
                    style={
                      Array [
                        Object {},
                      ]
                    }
                  >
                    <Text
                      style={
                        Array [
                          Object {
                            "color": "#007AFF",
                            "fontSize": 18,
                            "padding": 8,
                            "textAlign": "center",
                          },
                        ]
                      }
                    >
                      Register
                    </Text>
                  </View>
                </View>
              </View>
            </View>
          </View>
        </View>
      </View>
    </View>
    <View
      onLayout={[Function]}
      pointerEvents="box-none"
      style={
        Object {
          "left": 0,
          "position": "absolute",
          "right": 0,
          "top": 0,
        }
      }
    >
      <View
        style={
          Object {
            "backgroundColor": "#fff",
            "transform": Array [
              Object {
                "translateX": 0,
              },
            ],
          }
        }
      >
        <View
          onLayout={[Function]}
          pointerEvents="box-none"
          style={
            Object {
              "backgroundColor": "#fff",
              "borderBottomColor": "#a7a7aa",
              "borderBottomWidth": 0.5,
              "height": 64,
              "paddingBottom": 0,
              "paddingLeft": 0,
              "paddingRight": 0,
              "paddingTop": 20,
            }
          }
        >
          <View
            style={
              Object {
                "flex": 1,
              }
            }
          >
            <View
              style={
                Object {
                  "bottom": 0,
                  "flexDirection": "row",
                  "left": 0,
                  "position": "absolute",
                  "right": 0,
                  "top": 0,
                }
              }
            >
              <View
                pointerEvents="box-none"
                style={
                  Object {
                    "alignItems": "center",
                    "backgroundColor": "transparent",
                    "bottom": 0,
                    "flexDirection": "row",
                    "justifyContent": "center",
                    "left": 0,
                    "opacity": 1,
                    "position": "absolute",
                    "right": 0,
                    "top": 0,
                  }
                }
              >
                <Text
                  accessibilityTraits="header"
                  allowFontScaling={false}
                  numberOfLines={1}
                  onLayout={[Function]}
                  style={
                    Object {
                      "color": "rgba(0, 0, 0, 0.9)",
                      "fontSize": 17,
                      "fontWeight": "600",
                      "marginHorizontal": 16,
                      "textAlign": "center",
                    }
                  }
                >
                  Login
                </Text>
              </View>
            </View>
          </View>
        </View>
      </View>
    </View>
  </View>
</View>
`;
