// Jest Snapshot v1, https://goo.gl/fbAQLP

exports[`<Register /> renders correctly 1`] = `
<View
  style={
    Object {
      "alignItems": "center",
      "backgroundColor": "#ffffff",
      "flex": 1,
      "justifyContent": "center",
    }
  }
>
  <View
    onLayout={[Function]}
    style={
      Array [
        Object {
          "alignItems": "center",
          "backgroundColor": "#ffffff",
          "flex": 1,
          "justifyContent": "center",
        },
        Object {
          "paddingBottom": 0,
        },
      ]
    }
  >
    <Image
      source={
        Object {
          "uri": "https://i.imgur.com/D03aDTg.png",
        }
      }
      style={
        Object {
          "height": 100,
          "resizeMode": "contain",
          "width": 300,
        }
      }
    />
    <Text
      style={
        Object {
          "fontSize": 30,
          "fontWeight": "bold",
          "padding": 5,
          "textAlign": "center",
        }
      }
    >
      Nearby Event and Weather Information
    </Text>
    <TextInput
      allowFontScaling={true}
      onChangeText={[Function]}
      placeholder="Email"
      rejectResponderTermination={true}
      style={
        Object {
          "borderColor": "black",
          "borderWidth": 1,
          "height": 44,
          "marginBottom": 10,
          "padding": 10,
          "width": 200,
        }
      }
      underlineColorAndroid="transparent"
      value=""
    />
    <TextInput
      allowFontScaling={true}
      onChangeText={[Function]}
      placeholder="Password"
      rejectResponderTermination={true}
      secureTextEntry={true}
      style={
        Object {
          "borderColor": "black",
          "borderWidth": 1,
          "height": 44,
          "marginBottom": 10,
          "padding": 10,
          "width": 200,
        }
      }
      underlineColorAndroid="transparent"
      value=""
    />
    <TextInput
      allowFontScaling={true}
      onChangeText={[Function]}
      placeholder="Confirm password"
      rejectResponderTermination={true}
      secureTextEntry={true}
      style={
        Object {
          "borderColor": "black",
          "borderWidth": 1,
          "height": 44,
          "marginBottom": 10,
          "padding": 10,
          "width": 200,
        }
      }
      underlineColorAndroid="transparent"
      value=""
    />
    <View
      styles={
        Object {
          "padding": 5,
        }
      }
    >
      <View
        accessibilityRole="button"
        accessibilityStates={Array []}
        accessible={true}
        isTVSelectable={true}
        onResponderGrant={[Function]}
        onResponderMove={[Function]}
        onResponderRelease={[Function]}
        onResponderTerminate={[Function]}
        onResponderTerminationRequest={[Function]}
        onStartShouldSetResponder={[Function]}
        style={
          Object {
            "opacity": 1,
          }
        }
      >
        <View
          style={
            Array [
              Object {},
            ]
          }
        >
          <Text
            style={
              Array [
                Object {
                  "color": "#007AFF",
                  "fontSize": 18,
                  "padding": 8,
                  "textAlign": "center",
                },
              ]
            }
          >
            Register
          </Text>
        </View>
      </View>
    </View>
    <View
      style={
        Object {
          "padding": 5,
        }
      }
    >
      <View
        accessibilityRole="button"
        accessibilityStates={Array []}
        accessible={true}
        isTVSelectable={true}
        onResponderGrant={[Function]}
        onResponderMove={[Function]}
        onResponderRelease={[Function]}
        onResponderTerminate={[Function]}
        onResponderTerminationRequest={[Function]}
        onStartShouldSetResponder={[Function]}
        style={
          Object {
            "opacity": 1,
          }
        }
      >
        <View
          style={
            Array [
              Object {},
            ]
          }
        >
          <Text
            style={
              Array [
                Object {
                  "color": "#007AFF",
                  "fontSize": 18,
                  "padding": 8,
                  "textAlign": "center",
                },
              ]
            }
          >
            Login
          </Text>
        </View>
      </View>
    </View>
  </View>
</View>
`;
